2026-01-26 08:35:29 [   DEBUG] parse: format 'a commit with message "{commit_message}"' -> 'a commit with message "(?P<commit_message>.+?)"'
2026-01-26 08:35:29 [   DEBUG] parse: format 'I commit with message "{commit_message}"' -> 'I commit with message "(?P<commit_message>.+?)"'
2026-01-26 08:35:29 [   DEBUG] parse: format 'I see error "{error_text}"' -> 'I see error "(?P<error_text>.+?)"'
2026-01-26 08:35:29 [   DEBUG] parse: format 'I see "{text}"' -> 'I see "(?P<text>.+?)"'
2026-01-26 08:35:29 [   DEBUG] parse: format 'I see reference link "{url}"' -> 'I see reference link "(?P<url>.+?)"'
2026-01-26 08:35:29 [   DEBUG] parse: format 'I see suggested action "{action}"' -> 'I see suggested action "(?P<action>.+?)"'
2026-01-26 08:35:29 [   DEBUG] parse: format 'release notes include {section} section with "{content}"' -> 'release notes include (?P<section>.+?) section with "(?P<content>.+?)"'
2026-01-26 08:35:29 [   DEBUG] parse: format 'release notes include Features section with "{feature}"' -> 'release notes include Features section with "(?P<feature>.+?)"'
2026-01-26 08:35:29 [   DEBUG] parse: format 'release notes include Bug Fixes section with "{fix}"' -> 'release notes include Bug Fixes section with "(?P<fix>.+?)"'
2026-01-26 08:35:29 [   DEBUG] parse: format 'CHANGELOG.md includes "{section}" section' -> 'CHANGELOG\\.md includes "(?P<section>.+?)" section'
2026-01-26 08:35:29 [   DEBUG] pytest_bdd.scenario: Adding providers for fixture 'pytestbdd_stepimpl_given_I am in the nWave repository': [<FixtureDef argname='pytestbdd_stepdef_given_I am in the nWave repository' scope='function' baseid='test_git_workflow_steps.py'>]
2026-01-26 08:35:29 [   DEBUG] pytest_bdd.scenario: Adding providers for fixture 'pytestbdd_stepimpl_given_commit-msg hook is installed': [<FixtureDef argname='pytestbdd_stepdef_given_commit-msg hook is installed' scope='function' baseid='test_git_workflow_steps.py'>]
2026-01-26 08:35:29 [   DEBUG] pytest_bdd.scenario: Adding providers for fixture 'pytestbdd_stepimpl_given_I have staged changes': [<FixtureDef argname='pytestbdd_stepdef_given_I have staged changes' scope='function' baseid='test_git_workflow_steps.py'>]
2026-01-26 08:35:29 [   DEBUG] pytest_bdd.scenario: Adding providers for fixture 'pytestbdd_stepimpl_when_I commit with message "feat!: redesign API endpoints"': [<FixtureDef argname='pytestbdd_stepdef_when_I commit with message "{commit_message}"' scope='function' baseid='test_git_workflow_steps.py'>]
2026-01-26 08:35:29 [   DEBUG] pytest_bdd.scenario: Adding providers for fixture 'pytestbdd_stepimpl_then_the commit is accepted': [<FixtureDef argname='pytestbdd_stepdef_then_the commit is accepted' scope='function' baseid='test_git_workflow_steps.py'>]
2026-01-26 08:35:29 [   DEBUG] pytest_bdd.scenario: Adding providers for fixture 'pytestbdd_stepimpl_then_no error is shown': [<FixtureDef argname='pytestbdd_stepdef_then_no error is shown' scope='function' baseid='test_git_workflow_steps.py'>]
2026-01-26 08:35:29 [   DEBUG] pytest_bdd.scenario: Adding providers for fixture 'pytestbdd_stepimpl_then_the commit appears in git log': [<FixtureDef argname='pytestbdd_stepdef_then_the commit appears in git log' scope='function' baseid='test_git_workflow_steps.py'>]
